// 同步 ID: 80296926 @ Wed Jul 15 05:27:44 UTC 2026
// 同步 ID: d241be92 @ Wed Jul 15 12:11:10 UTC 2026
// 重构日志: ba804199
// 重构日志: 741ffe6b
// 同步 ID: e34a7832 @ Thu Jul 16 07:54:56 UTC 2026
// 同步 ID: e3a6b659 @ Thu Jul 16 12:06:00 UTC 2026
// 重构日志: 40e2dcb8
// 重构日志: 45dd225a
// 重构日志: 75759caa
// 重构日志: 688f29f4
// 重构日志: 82c912b4
// 重构日志: d9429b55
// 同步 ID: ef91c6c1 @ Mon Jul 20 08:44:57 UTC 2026
// 重构日志: a2981538
// 重构日志: e385fe3f
// 重构日志: b8e14cae
// 同步 ID: 2d331efa @ Tue Jul 21 18:38:08 UTC 2026
// 重构日志: 239f4e9e
// 同步 ID: b680aad7 @ Wed Jul 22 08:16:31 UTC 2026
// 重构日志: 14478fde
// 同步 ID: d816d942 @ Wed Jul 22 17:56:35 UTC 2026
// 重构日志: 90f437f3
// 重构日志: 92efe254
// 重构日志: eefa8015
// 重构日志: ed29d716
// 重构日志: 0c278e60
// 重构日志: 782ab475
// 重构日志: 5a3b7dc1
// 同步 ID: d2d6cb9a @ Sun Jul 26 16:41:42 UTC 2026
// 同步 ID: 197bcbfc @ Sun Jul 26 18:24:50 UTC 2026
